Running CPU benchmarks (takes ~60s)...
=== PRESENT-80 cpu ===
timestamp_utc: 2026-05-30T02:20:59Z
host: DESKTOP-MKI6IAH
cpu: AMD Ryzen 7 8845HS w/ Radeon 780M Graphics
cpu_mhz_at_run: 3792.93
gpu: N/A
compiler: g++ 13.3
round_key_bytes: 256
---
key_schedule_us_mean: 0.0004
key_schedule_us_stddev: 0.0000
key_schedule_cycles_mean: 1.5227
single_block_cycles_median: 38
bulk_ecb_throughput_MBps: 2.4173
ctr_throughput_MBps: 0.6941
cbc_throughput_MBps: 0.6655
cycles_per_byte: 1495.9489
gpu_kernel_ms: N/A
gpu_end_to_end_GBps: N/A
gpu_kernel_only_GBps: N/A
test_vector_status: PASS

=== SPECK-64/128 cpu ===
timestamp_utc: 2026-05-30T02:21:26Z
host: DESKTOP-MKI6IAH
cpu: AMD Ryzen 7 8845HS w/ Radeon 780M Graphics
cpu_mhz_at_run: 3792.9260
gpu: N/A
compiler: g++ 13.3
round_key_bytes: 108
---
key_schedule_us_mean: 0.0000
key_schedule_us_stddev: 0.0000
key_schedule_cycles_mean: 0.0057
single_block_cycles_median: 38
bulk_ecb_throughput_MBps: 225.5268
ctr_throughput_MBps: 209.6005
cbc_throughput_MBps: 148.5419
cycles_per_byte: 16.0405
gpu_kernel_ms: N/A
gpu_end_to_end_GBps: N/A
gpu_kernel_only_GBps: N/A
test_vector_status: PASS

=== AES-128 cpu ===
timestamp_utc: 2026-05-30T02:21:26Z
host: DESKTOP-MKI6IAH
cpu: AMD Ryzen 7 8845HS w/ Radeon 780M Graphics
cpu_mhz_at_run: 3792.9260
gpu: N/A
compiler: g++ 13.3
round_key_bytes: 176
---
key_schedule_us_mean: 0.1459
key_schedule_us_stddev: 0.0122
key_schedule_cycles_mean: 553.0683
single_block_cycles_median: 38
bulk_ecb_throughput_MBps: 10.6252
ctr_throughput_MBps: 10.4294
cbc_throughput_MBps: 10.7871
cycles_per_byte: 339.9660
gpu_kernel_ms: N/A
gpu_end_to_end_GBps: N/A
gpu_kernel_only_GBps: N/A
test_vector_status: PASS

