Running CPU benchmarks (takes ~60s)...
=== PRESENT-80 cpu ===
timestamp_utc: 2026-06-01T02:51:49Z
host: DESKTOP-MKI6IAH
cpu: AMD Ryzen 7 8845HS w/ Radeon 780M Graphics
cpu_mhz_at_run: 3792.93
gpu: N/A
compiler: g++ 13.3
round_key_bytes: 256
---
key_schedule_us_mean: 5.5908
key_schedule_us_stddev: 0.2647
key_schedule_cycles_mean: 21246.5863
single_block_cycles_median: 36632
bulk_ecb_throughput_MBps: 2.4252
ctr_throughput_MBps: 0.7247
cbc_throughput_MBps: 0.6868
cycles_per_byte: 1491.7597
gpu_kernel_ms: N/A
gpu_end_to_end_GBps: N/A
gpu_kernel_only_GBps: N/A
test_vector_status: PASS
sweep[1KB]_throughput_MBps: 2.2193
sweep[1KB]_cycles_per_byte: 1628.2456
sweep[64KB]_throughput_MBps: 2.2095
sweep[64KB]_cycles_per_byte: 1637.0318
sweep[1MB]_throughput_MBps: 2.1796
sweep[1MB]_cycles_per_byte: 1659.6307
sweep[16MB]_throughput_MBps: 2.2006
sweep[16MB]_cycles_per_byte: 1643.8850
sweep[64MB]_throughput_MBps: 2.2423
sweep[64MB]_cycles_per_byte: 1613.0190

=== SPECK-64/128 cpu ===
timestamp_utc: 2026-06-01T02:55:26Z
host: DESKTOP-MKI6IAH
cpu: AMD Ryzen 7 8845HS w/ Radeon 780M Graphics
cpu_mhz_at_run: 3792.9260
gpu: N/A
compiler: g++ 13.3
round_key_bytes: 108
---
key_schedule_us_mean: 0.0484
key_schedule_us_stddev: 0.0058
key_schedule_cycles_mean: 183.8041
single_block_cycles_median: 114
bulk_ecb_throughput_MBps: 262.5596
ctr_throughput_MBps: 220.4514
cbc_throughput_MBps: 152.5773
cycles_per_byte: 13.8055
gpu_kernel_ms: N/A
gpu_end_to_end_GBps: N/A
gpu_kernel_only_GBps: N/A
test_vector_status: PASS
sweep[1KB]_throughput_MBps: 250.8086
sweep[1KB]_cycles_per_byte: 14.4546
sweep[64KB]_throughput_MBps: 227.9863
sweep[64KB]_cycles_per_byte: 15.9017
sweep[1MB]_throughput_MBps: 241.8331
sweep[1MB]_cycles_per_byte: 14.9911
sweep[16MB]_throughput_MBps: 242.9695
sweep[16MB]_cycles_per_byte: 14.9212
sweep[64MB]_throughput_MBps: 197.7601
sweep[64MB]_cycles_per_byte: 18.3352

=== AES-128 cpu ===
timestamp_utc: 2026-06-01T02:55:29Z
host: DESKTOP-MKI6IAH
cpu: AMD Ryzen 7 8845HS w/ Radeon 780M Graphics
cpu_mhz_at_run: 3792.9260
gpu: N/A
compiler: g++ 13.3
round_key_bytes: 176
---
key_schedule_us_mean: 0.1752
key_schedule_us_stddev: 0.0164
key_schedule_cycles_mean: 665.3333
single_block_cycles_median: 4408
bulk_ecb_throughput_MBps: 11.1432
ctr_throughput_MBps: 10.9066
cbc_throughput_MBps: 11.0167
cycles_per_byte: 325.3194
gpu_kernel_ms: N/A
gpu_end_to_end_GBps: N/A
gpu_kernel_only_GBps: N/A
test_vector_status: PASS
sweep[1KB]_throughput_MBps: 11.3120
sweep[1KB]_cycles_per_byte: 320.4333
sweep[64KB]_throughput_MBps: 11.0100
sweep[64KB]_cycles_per_byte: 329.1273
sweep[1MB]_throughput_MBps: 10.9445
sweep[1MB]_cycles_per_byte: 331.0013
sweep[16MB]_throughput_MBps: 10.6906
sweep[16MB]_cycles_per_byte: 337.0422
sweep[64MB]_throughput_MBps: 10.8055
sweep[64MB]_cycles_per_byte: 334.6621

