Running CPU benchmarks (takes ~60s)...
=== PRESENT-80 cpu ===
timestamp_utc: 2026-06-01T02:38:54Z
host: DESKTOP-MKI6IAH
cpu: AMD Ryzen 7 8845HS w/ Radeon 780M Graphics
cpu_mhz_at_run: 3792.93
gpu: N/A
compiler: g++ 13.3
round_key_bytes: 256
---
key_schedule_us_mean: 4.9467
key_schedule_us_stddev: 0.3076
key_schedule_cycles_mean: 18798.1117
single_block_cycles_median: 38
bulk_ecb_throughput_MBps: 2.3884
ctr_throughput_MBps: 0.6884
cbc_throughput_MBps: 0.6666
cycles_per_byte: 1508.1654
gpu_kernel_ms: N/A
gpu_end_to_end_GBps: N/A
gpu_kernel_only_GBps: N/A
test_vector_status: PASS
sweep[1KB]_throughput_MBps: 2.4632
sweep[1KB]_cycles_per_byte: 1469.7905
sweep[64KB]_throughput_MBps: 2.4495
sweep[64KB]_cycles_per_byte: 1475.0815
sweep[1MB]_throughput_MBps: 2.4750
sweep[1MB]_cycles_per_byte: 1460.2940
sweep[16MB]_throughput_MBps: 2.4641
sweep[16MB]_cycles_per_byte: 1467.5189
sweep[64MB]_throughput_MBps: 2.2821
sweep[64MB]_cycles_per_byte: 1583.9112

=== SPECK-64/128 cpu ===
timestamp_utc: 2026-06-01T02:42:08Z
host: DESKTOP-MKI6IAH
cpu: AMD Ryzen 7 8845HS w/ Radeon 780M Graphics
cpu_mhz_at_run: 3792.9260
gpu: N/A
compiler: g++ 13.3
round_key_bytes: 108
---
key_schedule_us_mean: 0.0519
key_schedule_us_stddev: 0.0075
key_schedule_cycles_mean: 196.8358
single_block_cycles_median: 38
bulk_ecb_throughput_MBps: 226.8712
ctr_throughput_MBps: 180.6839
cbc_throughput_MBps: 154.6561
cycles_per_byte: 15.9542
gpu_kernel_ms: N/A
gpu_end_to_end_GBps: N/A
gpu_kernel_only_GBps: N/A
test_vector_status: PASS
sweep[1KB]_throughput_MBps: 258.0504
sweep[1KB]_cycles_per_byte: 14.0291
sweep[64KB]_throughput_MBps: 239.5998
sweep[64KB]_cycles_per_byte: 15.1125
sweep[1MB]_throughput_MBps: 253.7151
sweep[1MB]_cycles_per_byte: 14.2718
sweep[16MB]_throughput_MBps: 227.2158
sweep[16MB]_cycles_per_byte: 15.9362
sweep[64MB]_throughput_MBps: 238.9220
sweep[64MB]_cycles_per_byte: 15.1584

=== AES-128 cpu ===
timestamp_utc: 2026-06-01T02:42:10Z
host: DESKTOP-MKI6IAH
cpu: AMD Ryzen 7 8845HS w/ Radeon 780M Graphics
cpu_mhz_at_run: 3792.9260
gpu: N/A
compiler: g++ 13.3
round_key_bytes: 176
---
key_schedule_us_mean: 0.1380
key_schedule_us_stddev: 0.0089
key_schedule_cycles_mean: 523.0643
single_block_cycles_median: 38
bulk_ecb_throughput_MBps: 10.5219
ctr_throughput_MBps: 9.9515
cbc_throughput_MBps: 8.7304
cycles_per_byte: 344.2581
gpu_kernel_ms: N/A
gpu_end_to_end_GBps: N/A
gpu_kernel_only_GBps: N/A
test_vector_status: PASS
sweep[1KB]_throughput_MBps: 10.6813
sweep[1KB]_cycles_per_byte: 339.6033
sweep[64KB]_throughput_MBps: 9.9715
sweep[64KB]_cycles_per_byte: 362.4415
sweep[1MB]_throughput_MBps: 10.1123
sweep[1MB]_cycles_per_byte: 356.9006
sweep[16MB]_throughput_MBps: 10.5209
sweep[16MB]_cycles_per_byte: 344.0519
sweep[64MB]_throughput_MBps: 10.2759
sweep[64MB]_cycles_per_byte: 352.7294

