=== PRESENT-80 gpu info ===
const_mem_round_keys_bytes: 256
const_mem_sbox_bytes: 16
const_mem_inv_sbox_bytes: 16
const_mem_total_bytes: 288
key_schedule_location: host_precomputed
key_schedule_upload: cudaMemcpyToSymbol
key_schedule_size_bytes: 256
n_trials_per_size: 5
Plaintext  : 0x0000000000000110
Ciphertext : 0x2AA1F6C72D2808E7
Decrypted  : 0x0000000000000110

[SUCCESS] Decrypted message matches the original plaintext.
[SUCCESS] All 8388608 blocks verified.

--- Performance (64MB baseline) ---
Encrypt: 45.8187 ms  (1.46466 GB/s)
Decrypt: 44.0576 ms  (1.52321 GB/s)

=== PRESENT-80 gpu sweep ===
gpu_sweep[1KB]_enc_ms_mean: 0.0693
gpu_sweep[1KB]_enc_ms_stddev: 0.0712
gpu_sweep[1KB]_enc_GBps: 0.0148
gpu_sweep[1KB]_dec_ms_mean: 0.0420
gpu_sweep[1KB]_dec_ms_stddev: 0.0130
gpu_sweep[1KB]_dec_GBps: 0.0244
gpu_sweep[64KB]_enc_ms_mean: 0.0504
gpu_sweep[64KB]_enc_ms_stddev: 0.0030
gpu_sweep[64KB]_enc_GBps: 1.3008
gpu_sweep[64KB]_dec_ms_mean: 0.0938
gpu_sweep[64KB]_dec_ms_stddev: 0.0531
gpu_sweep[64KB]_dec_GBps: 0.6985
gpu_sweep[1MB]_enc_ms_mean: 0.6193
gpu_sweep[1MB]_enc_ms_stddev: 0.0247
gpu_sweep[1MB]_enc_GBps: 1.6931
gpu_sweep[1MB]_dec_ms_mean: 0.6121
gpu_sweep[1MB]_dec_ms_stddev: 0.0164
gpu_sweep[1MB]_dec_GBps: 1.7129
gpu_sweep[16MB]_enc_ms_mean: 9.3511
gpu_sweep[16MB]_enc_ms_stddev: 0.5130
gpu_sweep[16MB]_enc_GBps: 1.7941
gpu_sweep[16MB]_dec_ms_mean: 8.9282
gpu_sweep[16MB]_dec_ms_stddev: 0.0015
gpu_sweep[16MB]_dec_GBps: 1.8791
gpu_sweep[64MB]_enc_ms_mean: 36.1487
gpu_sweep[64MB]_enc_ms_stddev: 0.6657
gpu_sweep[64MB]_enc_GBps: 1.8565
gpu_sweep[64MB]_dec_ms_mean: 36.0385
gpu_sweep[64MB]_dec_ms_stddev: 0.7017
gpu_sweep[64MB]_dec_GBps: 1.8621
