=== SPECK-64/128 gpu info ===
const_mem_round_keys_bytes: 108
const_mem_sbox_bytes: 0
const_mem_inv_sbox_bytes: 0
const_mem_total_bytes: 108
key_schedule_location: host_precomputed
key_schedule_upload: cudaMemcpyToSymbol
key_schedule_size_bytes: 108
n_trials_per_size: 5
Plaintext  : 0x3B7265747475432D
Ciphertext : 0x8C6FA548454E028B
Decrypted  : 0x3B7265747475432D

[SUCCESS] Ciphertext matches reference vector and decrypted message matches the original plaintext.
[SUCCESS] All 8388608 blocks verified.

--- Performance (64MB baseline) ---
Encrypt: 0.649216 ms  (103.369 GB/s)
Decrypt: 0.756736 ms  (88.682 GB/s)

=== SPECK-64/128 gpu sweep ===
gpu_sweep[1KB]_enc_ms_mean: 0.0620
gpu_sweep[1KB]_enc_ms_stddev: 0.0484
gpu_sweep[1KB]_enc_GBps: 0.0165
gpu_sweep[1KB]_dec_ms_mean: 0.0565
gpu_sweep[1KB]_dec_ms_stddev: 0.0421
gpu_sweep[1KB]_dec_GBps: 0.0181
gpu_sweep[64KB]_enc_ms_mean: 0.0215
gpu_sweep[64KB]_enc_ms_stddev: 0.0107
gpu_sweep[64KB]_enc_GBps: 3.0503
gpu_sweep[64KB]_dec_ms_mean: 0.0305
gpu_sweep[64KB]_dec_ms_stddev: 0.0149
gpu_sweep[64KB]_dec_GBps: 2.1477
gpu_sweep[1MB]_enc_ms_mean: 0.0248
gpu_sweep[1MB]_enc_ms_stddev: 0.0179
gpu_sweep[1MB]_enc_GBps: 42.3140
gpu_sweep[1MB]_dec_ms_mean: 0.0698
gpu_sweep[1MB]_dec_ms_stddev: 0.0672
gpu_sweep[1MB]_dec_GBps: 15.0202
gpu_sweep[16MB]_enc_ms_mean: 0.1579
gpu_sweep[16MB]_enc_ms_stddev: 0.0506
gpu_sweep[16MB]_enc_GBps: 106.2688
gpu_sweep[16MB]_dec_ms_mean: 0.1282
gpu_sweep[16MB]_dec_ms_stddev: 0.0549
gpu_sweep[16MB]_dec_GBps: 130.8692
gpu_sweep[64MB]_enc_ms_mean: 0.6437
gpu_sweep[64MB]_enc_ms_stddev: 0.0185
gpu_sweep[64MB]_enc_GBps: 104.2571
gpu_sweep[64MB]_dec_ms_mean: 0.6310
gpu_sweep[64MB]_dec_ms_stddev: 0.0213
gpu_sweep[64MB]_dec_GBps: 106.3562
