=== AES-128 gpu info ===
const_mem_round_keys_bytes: 176
const_mem_sbox_bytes:       256
const_mem_inv_sbox_bytes:   256
const_mem_total_bytes:      688
key_schedule_size_bytes:    176
n_trials_per_size:          5

=== AES-128 GPU sweep ===

=== gpu_sweep[1KB] size: 64 blocks ===
[SUCCESS] All 64 blocks verified.
encryption_ms_mean:   0.0116
encryption_ms_stddev: 0.0000
encryption_MBps:      88.6569
decryption_ms_mean:   0.0112
decryption_ms_stddev: 0.0001
decryption_MBps:      91.2773


=== gpu_sweep[64KB] size: 4096 blocks ===
[SUCCESS] All 4096 blocks verified.
encryption_ms_mean:   0.0202
encryption_ms_stddev: 0.0000
encryption_MBps:      3251.8467
decryption_ms_mean:   0.0189
decryption_ms_stddev: 0.0000
decryption_MBps:      3473.7300


=== gpu_sweep[1MB] size: 65536 blocks ===
[SUCCESS] All 65536 blocks verified.
encryption_ms_mean:   0.0398
encryption_ms_stddev: 0.0008
encryption_MBps:      26374.7589
decryption_ms_mean:   0.0375
decryption_ms_stddev: 0.0005
decryption_MBps:      27978.1409


=== gpu_sweep[16MB] size: 1048576 blocks ===
[SUCCESS] All 1048576 blocks verified.
encryption_ms_mean:   0.5164
encryption_ms_stddev: 0.0007
encryption_MBps:      32491.0140
decryption_ms_mean:   0.4766
decryption_ms_stddev: 0.0005
decryption_MBps:      35205.5438


=== gpu_sweep[64MB] size: 4194304 blocks ===
[SUCCESS] All 4194304 blocks verified.
encryption_ms_mean:   2.0538
encryption_ms_stddev: 0.0003
encryption_MBps:      32675.3860
decryption_ms_mean:   1.8934
decryption_ms_stddev: 0.0006
decryption_MBps:      35444.0239

