=== AES-128 gpu info ===
const_mem_round_keys_bytes: 176
const_mem_sbox_bytes:       256
const_mem_inv_sbox_bytes:   256
const_mem_total_bytes:      688
key_schedule_size_bytes:    176
n_trials_per_size:          5

=== AES-128 GPU sweep ===

=== gpu_sweep[1KB] size: 64 blocks ===
[SUCCESS] All 64 blocks verified.
encryption_ms_mean:   0.0115
encryption_ms_stddev: 0.0000
encryption_MBps:      88.8573
decryption_ms_mean:   0.0115
decryption_ms_stddev: 0.0001
decryption_MBps:      89.2100


=== gpu_sweep[64KB] size: 4096 blocks ===
[SUCCESS] All 4096 blocks verified.
encryption_ms_mean:   0.0201
encryption_ms_stddev: 0.0000
encryption_MBps:      3258.8322
decryption_ms_mean:   0.0189
decryption_ms_stddev: 0.0000
decryption_MBps:      3471.9280


=== gpu_sweep[1MB] size: 65536 blocks ===
[SUCCESS] All 65536 blocks verified.
encryption_ms_mean:   0.0394
encryption_ms_stddev: 0.0011
encryption_MBps:      26580.1437
decryption_ms_mean:   0.0375
decryption_ms_stddev: 0.0005
decryption_MBps:      27978.1409


=== gpu_sweep[16MB] size: 1048576 blocks ===
[SUCCESS] All 1048576 blocks verified.
encryption_ms_mean:   0.5168
encryption_ms_stddev: 0.0010
encryption_MBps:      32461.2423
decryption_ms_mean:   0.4764
decryption_ms_stddev: 0.0004
decryption_MBps:      35214.5298


=== gpu_sweep[64MB] size: 4194304 blocks ===
[SUCCESS] All 4194304 blocks verified.
encryption_ms_mean:   2.0540
encryption_ms_stddev: 0.0007
encryption_MBps:      32671.8231
decryption_ms_mean:   1.8938
decryption_ms_stddev: 0.0004
decryption_MBps:      35436.3578

