Running CPU benchmarks (takes ~60s)...
=== PRESENT-80 cpu ===
timestamp_utc: 2026-06-03T20:45:59Z
host: asgard
cpu: AMD EPYC 9374F 32-Core Processor
cpu_mhz_at_run: 1500
gpu: N/A
compiler: g++ 13.3
round_key_bytes: 256
---
key_schedule_us_mean: 2.2020
key_schedule_us_stddev: 0.0053
key_schedule_cycles_mean: 8464.9346
single_block_cycles_median: 21366
bulk_ecb_throughput_MBps: 4.9437
ctr_throughput_MBps: 1.3966
cbc_throughput_MBps: 1.3311
cycles_per_byte: 741.5841
gpu_kernel_ms: N/A
gpu_end_to_end_GBps: N/A
gpu_kernel_only_GBps: N/A
test_vector_status: PASS
sweep[1KB]_throughput_MBps: 4.8819
sweep[1KB]_cycles_per_byte: 750.9692
sweep[64KB]_throughput_MBps: 4.8832
sweep[64KB]_cycles_per_byte: 750.7675
sweep[1MB]_throughput_MBps: 4.8852
sweep[1MB]_cycles_per_byte: 750.4513
sweep[16MB]_throughput_MBps: 4.8802
sweep[16MB]_cycles_per_byte: 751.2352
sweep[64MB]_throughput_MBps: 4.8781
sweep[64MB]_cycles_per_byte: 751.5571

=== SPECK-64/128 cpu ===
timestamp_utc: 2026-06-03T20:47:41Z
host: asgard
cpu: AMD EPYC 9374F 32-Core Processor
cpu_mhz_at_run: 4258.7250
gpu: N/A
compiler: g++ 13.3
round_key_bytes: 108
---
key_schedule_us_mean: 0.0260
key_schedule_us_stddev: 0.0003
key_schedule_cycles_mean: 99.9783
single_block_cycles_median: 39
bulk_ecb_throughput_MBps: 1167.3662
ctr_throughput_MBps: 527.9090
cbc_throughput_MBps: 290.3434
cycles_per_byte: 3.1403
gpu_kernel_ms: N/A
gpu_end_to_end_GBps: N/A
gpu_kernel_only_GBps: N/A
test_vector_status: PASS
sweep[1KB]_throughput_MBps: 1164.6458
sweep[1KB]_cycles_per_byte: 3.1478
sweep[64KB]_throughput_MBps: 1167.9071
sweep[64KB]_cycles_per_byte: 3.1391
sweep[1MB]_throughput_MBps: 1166.7187
sweep[1MB]_cycles_per_byte: 3.1422
sweep[16MB]_throughput_MBps: 1158.7435
sweep[16MB]_cycles_per_byte: 3.1638
sweep[64MB]_throughput_MBps: 1132.8851
sweep[64MB]_cycles_per_byte: 3.2360

=== AES-128 cpu ===
timestamp_utc: 2026-06-03T20:47:41Z
host: asgard
cpu: AMD EPYC 9374F 32-Core Processor
cpu_mhz_at_run: 4243.4380
gpu: N/A
compiler: g++ 13.3
round_key_bytes: 176
---
key_schedule_us_mean: 0.0937
key_schedule_us_stddev: 0.0010
key_schedule_cycles_mean: 360.1247
single_block_cycles_median: 2618
bulk_ecb_throughput_MBps: 22.4681
ctr_throughput_MBps: 21.6991
cbc_throughput_MBps: 21.9007
cycles_per_byte: 163.1707
gpu_kernel_ms: N/A
gpu_end_to_end_GBps: N/A
gpu_kernel_only_GBps: N/A
test_vector_status: PASS
sweep[1KB]_throughput_MBps: 22.4979
sweep[1KB]_cycles_per_byte: 162.9549
sweep[64KB]_throughput_MBps: 22.5343
sweep[64KB]_cycles_per_byte: 162.6914
sweep[1MB]_throughput_MBps: 22.5293
sweep[1MB]_cycles_per_byte: 162.7277
sweep[16MB]_throughput_MBps: 22.4685
sweep[16MB]_cycles_per_byte: 163.1683
sweep[64MB]_throughput_MBps: 22.4809
sweep[64MB]_cycles_per_byte: 163.0781

