[  5%] Building CXX object CMakeFiles/present80_cpu.dir/PRESENT80/present80.cpp.o
[ 11%] Building CXX object CMakeFiles/speck64_cpu.dir/SPECK64_128/speck64.cpp.o
[ 22%] Building CUDA object CMakeFiles/aes_gpu.dir/AES/aes.cu.o
[ 22%] Building CUDA object CMakeFiles/present80_gpu.dir/PRESENT80/present80.cu.o
[ 27%] Building CXX object CMakeFiles/aes_cpu.dir/AES/aes.cpp.o
[ 33%] Building CXX object CMakeFiles/cpu_bench.dir/modes.cpp.o
[ 50%] Building CXX object CMakeFiles/modes_test.dir/modes.cpp.o
[ 50%] Building CUDA object CMakeFiles/speck64_gpu.dir/SPECK64_128/speck64.cu.o
[ 50%] Building CXX object CMakeFiles/modes_test.dir/modes_test.cpp.o
[ 55%] Building CXX object CMakeFiles/cpu_bench.dir/cpu_bench.cpp.o
[ 61%] Linking CXX executable speck64_cpu
[ 66%] Linking CXX executable present80_cpu
[ 66%] Built target speck64_cpu
[ 66%] Built target present80_cpu
[ 72%] Linking CXX executable aes_cpu
[ 72%] Built target aes_cpu
/home/devansh/ECE268-Lightweight_block_cipher/cpu_bench.cpp:96:13: warning: ‘void aes_dec(const uint8_t*, uint8_t*, const void*)’ defined but not used [-Wunused-function]
   96 | static void aes_dec(const uint8_t in[16], uint8_t out[16], const void* rk) {
      |             ^~~~~~~
/home/devansh/ECE268-Lightweight_block_cipher/cpu_bench.cpp:86:13: warning: ‘void speck_dec(const uint8_t*, uint8_t*, const void*)’ defined but not used [-Wunused-function]
   86 | static void speck_dec(const uint8_t in[8], uint8_t out[8], const void* rk) {
      |             ^~~~~~~~~
/home/devansh/ECE268-Lightweight_block_cipher/cpu_bench.cpp:73:13: warning: ‘void present_dec(const uint8_t*, uint8_t*, const void*)’ defined but not used [-Wunused-function]
   73 | static void present_dec(const uint8_t in[8], uint8_t out[8], const void* rk) {
      |             ^~~~~~~~~~~
[ 77%] Linking CXX executable modes_test
[ 77%] Built target modes_test
[ 83%] Linking CUDA executable speck64_gpu
[ 83%] Built target speck64_gpu
[ 88%] Linking CXX executable cpu_bench
[ 88%] Built target cpu_bench
[ 94%] Linking CUDA executable aes_gpu
[ 94%] Built target aes_gpu
[100%] Linking CUDA executable present80_gpu
[100%] Built target present80_gpu
