=== PRESENT-80 Official Test Vectors ===
TV1: ct=5579C1387B228445  expected=5579C1387B228445  [PASS]
TV2: ct=E72C46C0F5945049  expected=E72C46C0F5945049  [PASS]
TV3: ct=A112FFC72F68417B  expected=A112FFC72F68417B  [PASS]
TV4: ct=3333DCD3213210D2  expected=3333DCD3213210D2  [PASS]
[ALL OFFICIAL VECTORS PASS]


=== PRESENT-80 cpu info ===
round_keys_bytes:  256
sbox_bytes:        16
inv_sbox_bytes:    16
n_trials_per_size: 5

=== PRESENT-80 cpu sweep ===

=== cpu_sweep[1KB] size: 128 blocks ===
[SUCCESS] All 128 blocks verified.
encryption_ms_mean:   0.6858
encryption_ms_stddev: 0.0004
encryption_MBps:      1.4930
decryption_ms_mean:   0.6930
decryption_ms_stddev: 0.0010
decryption_MBps:      1.4776


=== cpu_sweep[64KB] size: 8192 blocks ===
[SUCCESS] All 8192 blocks verified.
encryption_ms_mean:   44.9391
encryption_ms_stddev: 0.0108
encryption_MBps:      1.4583
decryption_ms_mean:   45.5605
decryption_ms_stddev: 0.0301
decryption_MBps:      1.4384


=== cpu_sweep[1MB] size: 131072 blocks ===
[SUCCESS] All 131072 blocks verified.
encryption_ms_mean:   718.2485
encryption_ms_stddev: 0.4637
encryption_MBps:      1.4599
decryption_ms_mean:   727.2674
decryption_ms_stddev: 0.7251
decryption_MBps:      1.4418


=== cpu_sweep[16MB] size: 2097152 blocks ===
[SUCCESS] All 2097152 blocks verified.
encryption_ms_mean:   11497.3027
encryption_ms_stddev: 4.5151
encryption_MBps:      1.4592
decryption_ms_mean:   11642.8957
decryption_ms_stddev: 5.8976
decryption_MBps:      1.4410


=== cpu_sweep[64MB] size: 8388608 blocks ===
[SUCCESS] All 8388608 blocks verified.
encryption_ms_mean:   46000.6766
encryption_ms_stddev: 14.0792
encryption_MBps:      1.4589
decryption_ms_mean:   46574.4802
decryption_ms_stddev: 21.4938
decryption_MBps:      1.4409

