=== PRESENT-80 gpu info ===
const_mem_round_keys_bytes: 256
const_mem_sbox_bytes: 16
const_mem_inv_sbox_bytes: 16
const_mem_total_bytes: 288
key_schedule_size_bytes: 256
n_trials_per_size: 5

=== PRESENT-80 GPU sweep ===

=== gpu_sweep[1KB] size: 128 blocks ===
[SUCCESS] All 128 blocks verified.
encryption_ms_mean:   0.0233
encryption_ms_stddev: 0.0000
encryption_MBps:      43.9300
decryption_ms_mean:   0.0234
decryption_ms_stddev: 0.0004
decryption_MBps:      43.7043


=== gpu_sweep[64KB] size: 8192 blocks ===
[SUCCESS] All 8192 blocks verified.
encryption_ms_mean:   0.0421
encryption_ms_stddev: 0.0000
encryption_MBps:      1555.3257
decryption_ms_mean:   0.0415
decryption_ms_stddev: 0.0000
decryption_MBps:      1580.4055


=== gpu_sweep[1MB] size: 131072 blocks ===
[SUCCESS] All 131072 blocks verified.
encryption_ms_mean:   0.1601
encryption_ms_stddev: 0.0006
encryption_MBps:      6550.4559
decryption_ms_mean:   0.1599
decryption_ms_stddev: 0.0004
decryption_MBps:      6558.8471


=== gpu_sweep[16MB] size: 2097152 blocks ===
[SUCCESS] All 2097152 blocks verified.
encryption_ms_mean:   2.2441
encryption_ms_stddev: 0.0011
encryption_MBps:      7476.0942
decryption_ms_mean:   2.2466
decryption_ms_stddev: 0.0005
decryption_MBps:      7467.7242


=== gpu_sweep[64MB] size: 8388608 blocks ===
[SUCCESS] All 8388608 blocks verified.
encryption_ms_mean:   8.9254
encryption_ms_stddev: 0.0006
encryption_MBps:      7518.8352
decryption_ms_mean:   8.9364
decryption_ms_stddev: 0.0006
decryption_MBps:      7509.6109

