=== PRESENT-80 Official Test Vectors ===
TV1: ct=5579C1387B228445  expected=5579C1387B228445  [PASS]
TV2: ct=E72C46C0F5945049  expected=E72C46C0F5945049  [PASS]
TV3: ct=A112FFC72F68417B  expected=A112FFC72F68417B  [PASS]
TV4: ct=3333DCD3213210D2  expected=3333DCD3213210D2  [PASS]
[ALL OFFICIAL VECTORS PASS]


=== PRESENT-80 cpu info ===
round_keys_bytes:  256
sbox_bytes:        16
inv_sbox_bytes:    16
n_trials_per_size: 5

=== PRESENT-80 cpu sweep ===

=== cpu_sweep[1KB] size: 128 blocks ===
[SUCCESS] All 128 blocks verified.
encryption_ms_mean:   0.6923
encryption_ms_stddev: 0.0004
encryption_MBps:      1.4791
decryption_ms_mean:   0.6984
decryption_ms_stddev: 0.0012
decryption_MBps:      1.4662


=== cpu_sweep[64KB] size: 8192 blocks ===
[SUCCESS] All 8192 blocks verified.
encryption_ms_mean:   45.3610
encryption_ms_stddev: 0.0288
encryption_MBps:      1.4448
decryption_ms_mean:   45.9737
decryption_ms_stddev: 0.0192
decryption_MBps:      1.4255


=== cpu_sweep[1MB] size: 131072 blocks ===
[SUCCESS] All 131072 blocks verified.
encryption_ms_mean:   725.3385
encryption_ms_stddev: 0.4967
encryption_MBps:      1.4456
decryption_ms_mean:   734.1736
decryption_ms_stddev: 0.7168
decryption_MBps:      1.4282


=== cpu_sweep[16MB] size: 2097152 blocks ===
[SUCCESS] All 2097152 blocks verified.
encryption_ms_mean:   11608.3701
encryption_ms_stddev: 8.3804
encryption_MBps:      1.4453
decryption_ms_mean:   11755.3777
decryption_ms_stddev: 8.1021
decryption_MBps:      1.4272


=== cpu_sweep[64MB] size: 8388608 blocks ===
[SUCCESS] All 8388608 blocks verified.
encryption_ms_mean:   46438.3236
encryption_ms_stddev: 33.9379
encryption_MBps:      1.4451
decryption_ms_mean:   47027.4224
decryption_ms_stddev: 20.4075
decryption_MBps:      1.4270

