=== SPECK-64/128 Official Test Vectors ===
TV1: ct=8C6FA548 454E028B  expected=8C6FA548 454E028B  [PASS]
[ALL OFFICIAL VECTORS PASS]

=== SPECK-64/128 cpu info ===
block_size_bytes:  8
key_size_bytes:    16
rounds:            27
round_keys_bytes:  108
n_trials_per_size: 5

=== SPECK-64/128 cpu sweep ===

=== cpu_sweep[1KB] size: 128 blocks ===
[SUCCESS] All 128 blocks verified.
encryption_ms_mean:   0.0009
encryption_ms_stddev: 0.0001
encryption_MBps:      1167.7314
decryption_ms_mean:   0.0012
decryption_ms_stddev: 0.0000
decryption_MBps:      880.2363


=== cpu_sweep[64KB] size: 8192 blocks ===
[SUCCESS] All 8192 blocks verified.
encryption_ms_mean:   0.0535
encryption_ms_stddev: 0.0002
encryption_MBps:      1225.8169
decryption_ms_mean:   0.0728
decryption_ms_stddev: 0.0003
decryption_MBps:      899.7817


=== cpu_sweep[1MB] size: 131072 blocks ===
[SUCCESS] All 131072 blocks verified.
encryption_ms_mean:   0.9547
encryption_ms_stddev: 0.2021
encryption_MBps:      1098.3223
decryption_ms_mean:   1.2350
decryption_ms_stddev: 0.1322
decryption_MBps:      849.0251


=== cpu_sweep[16MB] size: 2097152 blocks ===
[SUCCESS] All 2097152 blocks verified.
encryption_ms_mean:   14.8295
encryption_ms_stddev: 2.3243
encryption_MBps:      1131.3395
decryption_ms_mean:   19.8637
decryption_ms_stddev: 2.1262
decryption_MBps:      844.6161


=== cpu_sweep[64MB] size: 8388608 blocks ===
[SUCCESS] All 8388608 blocks verified.
encryption_ms_mean:   59.2430
encryption_ms_stddev: 6.8820
encryption_MBps:      1132.7720
decryption_ms_mean:   78.9013
decryption_ms_stddev: 7.1434
decryption_MBps:      850.5420

