=== SPECK-64/128 CTR mode gpu info ===
const_mem_round_keys_bytes: 108
const_mem_sbox_bytes: 0
const_mem_inv_sbox_bytes: 0
const_mem_total_bytes: 108
key_schedule_size_bytes: 108
n_trials_per_size: 5

=== SPECK-64/128 CTR gpu sweep ===

=== gpu_sweep[1KB] size: 128 blocks ===
[SUCCESS] All 128 blocks verified.
encryption_ms_mean:   0.0017
encryption_ms_stddev: 0.0000
encryption_MBps:      599.7001
decryption_ms_mean:   0.0017
decryption_ms_stddev: 0.0000
decryption_MBps:      602.0923


=== gpu_sweep[64KB] size: 8192 blocks ===
[SUCCESS] All 8192 blocks verified.
encryption_ms_mean:   0.0018
encryption_ms_stddev: 0.0000
encryption_MBps:      35544.4476
decryption_ms_mean:   0.0018
decryption_ms_stddev: 0.0000
decryption_MBps:      35895.8178


=== gpu_sweep[1MB] size: 131072 blocks ===
[SUCCESS] All 131072 blocks verified.
encryption_ms_mean:   0.0045
encryption_ms_stddev: 0.0014
encryption_MBps:      234057.1415
decryption_ms_mean:   0.0042
decryption_ms_stddev: 0.0003
decryption_MBps:      247866.8690


=== gpu_sweep[16MB] size: 2097152 blocks ===
[SUCCESS] All 2097152 blocks verified.
encryption_ms_mean:   0.0200
encryption_ms_stddev: 0.0104
encryption_MBps:      837253.2880
decryption_ms_mean:   0.0149
decryption_ms_stddev: 0.0012
decryption_MBps:      1123634.8136


=== gpu_sweep[64MB] size: 8388608 blocks ===
[SUCCESS] All 8388608 blocks verified.
encryption_ms_mean:   0.1876
encryption_ms_stddev: 0.0224
encryption_MBps:      357692.6496
decryption_ms_mean:   0.1392
decryption_ms_stddev: 0.0012
decryption_MBps:      482192.5914

