=== SPECK-64/128 gpu info ===
const_mem_round_keys_bytes: 108
const_mem_sbox_bytes: 0
const_mem_inv_sbox_bytes: 0
const_mem_total_bytes: 108
key_schedule_size_bytes: 108
n_trials_per_size: 5

=== SPECK-64/128 gpu sweep ===

=== gpu_sweep[1KB] size: 128 blocks ===
[SUCCESS] All 128 blocks verified.
encryption_ms_mean:   0.0018
encryption_ms_stddev: 0.0000
encryption_MBps:      564.5133
decryption_ms_mean:   0.0019
decryption_ms_stddev: 0.0000
decryption_MBps:      533.5467


=== gpu_sweep[64KB] size: 8192 blocks ===
[SUCCESS] All 8192 blocks verified.
encryption_ms_mean:   0.0019
encryption_ms_stddev: 0.0000
encryption_MBps:      33954.5063
decryption_ms_mean:   0.0020
decryption_ms_stddev: 0.0000
decryption_MBps:      33585.8831


=== gpu_sweep[1MB] size: 131072 blocks ===
[SUCCESS] All 131072 blocks verified.
encryption_ms_mean:   0.0048
encryption_ms_stddev: 0.0014
encryption_MBps:      216719.5784
decryption_ms_mean:   0.0041
decryption_ms_stddev: 0.0000
decryption_MBps:      256000.0006


=== gpu_sweep[16MB] size: 2097152 blocks ===
[SUCCESS] All 2097152 blocks verified.
encryption_ms_mean:   0.0201
encryption_ms_stddev: 0.0099
encryption_MBps:      834853.4914
decryption_ms_mean:   0.0154
decryption_ms_stddev: 0.0011
decryption_MBps:      1091811.7427


=== gpu_sweep[64MB] size: 8388608 blocks ===
[SUCCESS] All 8388608 blocks verified.
encryption_ms_mean:   0.1880
encryption_ms_stddev: 0.0241
encryption_MBps:      356876.9970
decryption_ms_mean:   0.1399
decryption_ms_stddev: 0.0025
decryption_MBps:      479656.0087

