=== SPECK-64/128 gpu info ===
const_mem_round_keys_bytes: 108
const_mem_sbox_bytes: 0
const_mem_inv_sbox_bytes: 0
const_mem_total_bytes: 108
key_schedule_size_bytes: 108
n_trials_per_size: 5

=== SPECK-64/128 gpu sweep ===

=== gpu_sweep[1KB] size: 128 blocks ===
[SUCCESS] All 128 blocks verified.
encryption_ms_mean:   0.0018
encryption_ms_stddev: 0.0000
encryption_MBps:      571.6532
decryption_ms_mean:   0.0019
decryption_ms_stddev: 0.0000
decryption_MBps:      547.4765


=== gpu_sweep[64KB] size: 8192 blocks ===
[SUCCESS] All 8192 blocks verified.
encryption_ms_mean:   0.0019
encryption_ms_stddev: 0.0000
encryption_MBps:      34669.5556
decryption_ms_mean:   0.0019
decryption_ms_stddev: 0.0000
decryption_MBps:      34339.3695


=== gpu_sweep[1MB] size: 131072 blocks ===
[SUCCESS] All 131072 blocks verified.
encryption_ms_mean:   0.0046
encryption_ms_stddev: 0.0012
encryption_MBps:      225674.9362
decryption_ms_mean:   0.0042
decryption_ms_stddev: 0.0004
decryption_MBps:      247866.8718


=== gpu_sweep[16MB] size: 2097152 blocks ===
[SUCCESS] All 2097152 blocks verified.
encryption_ms_mean:   0.0204
encryption_ms_stddev: 0.0100
encryption_MBps:      823316.6052
decryption_ms_mean:   0.0155
decryption_ms_stddev: 0.0005
decryption_MBps:      1079226.0253


=== gpu_sweep[64MB] size: 8388608 blocks ===
[SUCCESS] All 8388608 blocks verified.
encryption_ms_mean:   0.1884
encryption_ms_stddev: 0.0240
encryption_MBps:      356149.7269
decryption_ms_mean:   0.1380
decryption_ms_stddev: 0.0039
decryption_MBps:      486307.3970

